// Jest Snapshot v1, https://goo.gl/fbAQLP

exports[`Conferences renders initial state 1`] = `
<div
  className="w-100"
>
  <Route
    component={[Function]}
    exact={true}
    path="/conferences"
  />
  <Route
    component={[Function]}
    exact={true}
    path="/conferences/:id"
  />
</div>
`;
